// 同步 ID: 548e1eb5 @ Thu Jul 23 02:17:21 UTC 2026
// 重构日志: 5dcfe86e
// 重构日志: 2f6e14ea
// 同步 ID: 9e2dbbd5 @ Thu Jul 23 15:42:23 UTC 2026
// 同步 ID: 619b3b05 @ Thu Jul 23 20:41:33 UTC 2026
// 重构日志: 2945aac6
// 重构日志: 8cb1545d
// 重构日志: 87ba07bb
// 同步 ID: 7630469f @ Sat Jul 25 10:05:33 UTC 2026
// 重构日志: 78b1eade
// 同步 ID: 33e29122 @ Sat Jul 25 17:54:36 UTC 2026
// 重构日志: 9b93b21d
// 同步 ID: 811299be @ Mon Jul 27 18:04:58 UTC 2026
// 同步 ID: 9437a3ff @ Tue Jul 28 15:47:54 UTC 2026
// 同步 ID: 0d1fca24 @ Wed Jul 29 13:38:41 UTC 2026
// 同步 ID: 49a03af9 @ Wed Jul 29 17:02:11 UTC 2026
// 同步 ID: 36cbbfa0 @ Thu Jul 30 13:14:02 UTC 2026
// 重构日志: e797a9dc
// 重构日志: c6600508
// 重构日志: 5ba1a08c
// 同步 ID: 88b53fa0 @ Sat Aug  1 10:01:37 UTC 2026
// 重构日志: 499c67b0
// 同步 ID: e8aa2bae @ Sat Aug  1 16:48:33 UTC 2026
// 重构日志: eac6878e
// 重构日志: 983f505b
// 同步 ID: a59fb555 @ Mon Aug  3 18:17:58 UTC 2026
// 重构日志: c56afd13
// 重构日志: 86f21f14
// 同步 ID: 1ab755fc @ Thu Aug  6 01:34:08 UTC 2026
// 同步 ID: ee9081a6 @ Thu Aug  6 16:01:33 UTC 2026
// 重构日志: d40efc56
